[www.technex.in/index.html]
[backblue.gif]
[fade.gif]
[index.html]
[www.technex.in/static/css/images/img-fb.jpg]
[d1mteuyxkcon0n.cloudfront.net/index19/images19/apple-touch-icon.png]
[d1mteuyxkcon0n.cloudfront.net/index19/images19/favicon-32x32.png]
[d1mteuyxkcon0n.cloudfront.net/index19/images19/favicon-16x16.png]
[www.technex.in/img/favicon/browserconfig.html]
[www.technex.in/static/index19/style/style219.css]
[res.cloudinary.com/vivekisgreat/raw/upload/v1545888000/technex/tingle.css]
[ajax.googleapis.com/ajax/libs/jquery/1.11.1/jquery.min.js]
[use.fontawesome.com/releases/v5.6.3/css/all.css]
[d1mteuyxkcon0n.cloudfront.net/index19/logo-technex-nav.png]
[www.technex.in/events/index.html]
[www.technex.in/talks/index.html]
[www.technex.in/workshops/index.html]
[www.technex.in/exhibitions/index.html]
[www.technex.in/startupfair/index.html]
[www.technex.in/initiative/index.html]
[www.technex.in/conclave/index.html]
[res.cloudinary.com/vivekisgreat/image/upload/v1544891882/technex/Home_TEMP_EV.jpg]
[www.technex.in/sponsors/index.html]
[d1mteuyxkcon0n.cloudfront.net/index19/images19/workshop.jpg]
[res.cloudinary.com/vivekisgreat/image/upload/v1544891838/technex/Home_TEMP_TT.jpg]
[www.technex.in/register/index.html]
[res.cloudinary.com/vivekisgreat/image/upload/v1544891875/technex/Home_TEMP_EX.jpg]
[res.cloudinary.com/vivekisgreat/image/upload/v1544891847/technex/Home_TEMP_STARTUP.jpg]
[res.cloudinary.com/vivekisgreat/image/upload/v1544891853/technex/Home_TEMP_SOCIAL.jpg]
[res.cloudinary.com/vivekisgreat/image/upload/v1544891887/technex/Home_TEMP_Airshow.jpg]
[res.cloudinary.com/vivekisgreat/image/upload/v1544891869/technex/Home_TEMP_KS.jpg]
[d1mteuyxkcon0n.cloudfront.net/admin2/img/fb.png]
[d1mteuyxkcon0n.cloudfront.net/admin2/img/twitter (1).png]
[d1mteuyxkcon0n.cloudfront.net/admin2/img/insta (1).png]
[d1mteuyxkcon0n.cloudfront.net/admin2/img/youtube.png]
[res.cloudinary.com/vivekisgreat/raw/upload/v1545888001/technex/tingle.js]
[connect.facebook.net/en_US/fbevents.js]
[d1mteuyxkcon0n.cloudfront.net/index19/scripts/script219.js]
[d1mteuyxkcon0n.cloudfront.net/index19/scripts/script119.js]
[mc.yandex.ru/metrika/watch.js]
[www.technex.in/index.html]
[ajax.cloudflare.com/cdn-cgi/scripts/cb7744ae/cloudflare-static/rocket-loader.min.js]
[www.technex.in/static/images/404-Error-new.png]
[www.google-analytics.com/analytics.js]
[www.technex.in/img/favicon/browserconfig.html]
[d1mteuyxkcon0n.cloudfront.net/index19/style/style119.css]
[www.technex.in/static/index19/Clarke.woff2]
[www.technex.in/static/index19/Clarke.woff]
[www.technex.in/static/index19/Geometria-Bold.woff2]
[www.technex.in/static/index19/Mont-Bold.woff2]
[www.technex.in/static/index19/Geometria-Bold.woff]
[www.technex.in/static/index19/Mont-Bold.woff]
[www.technex.in/static/index19/MullerLight.woff2]
[www.technex.in/static/index19/MullerRegular.woff2]
[www.technex.in/static/index19/MullerLight.woff]
[www.technex.in/static/index19/MullerMedium.woff2]
[www.technex.in/static/index19/MullerRegular.woff]
[www.technex.in/static/index19/MullerMedium.woff]
[www.technex.in/static/index19/MullerBold.woff2]
[www.technex.in/static/index19/MullerBold.woff]
[www.technex.in/static/index19/OsnovaPro-Regular.html]
[www.technex.in/static/index19/OsnovaPro-Regular-2.html]
[d1mteuyxkcon0n.cloudfront.net/index19/images19/lines.png]
[www.technex.in/local/templates/neurohive/assets/img/2arrow.html]
[www.technex.in/static/index19/style/style219.css]
[res.cloudinary.com/vivekisgreat/raw/upload/v1545888000/technex/tingle.css]
[use.fontawesome.com/releases/v5.6.3/css/all.css]
[www.technex.in/local/templates/neurohive/assets/img/svg/checkbox.html]
[www.technex.in/events/favicon.html]
[maxcdn.bootstrapcdn.com/bootstrap/3.3.7/css/bootstrap.min.css]
[d1mteuyxkcon0n.cloudfront.net/favicon/android-chrome-192x192.png]
[ajax.googleapis.com/ajax/libs/jquery/3.3.1/jquery.min.js]
[maxcdn.bootstrapcdn.com/bootstrap/3.3.7/js/bootstrap.min.js]
[cdnjs.cloudflare.com/ajax/libs/font-awesome/4.7.0/css/font-awesome.min.css]
[www.technex.in/static/css/base.css]
[d1mteuyxkcon0n.cloudfront.net/assets/images/1.jpg]
[d1mteuyxkcon0n.cloudfront.net/Red-tech-background-vectors.jpg]
[d1mteuyxkcon0n.cloudfront.net/eventps.jpg]
[www.technex.in/cdn-cgi/l/email-protection.html]
[www.technex.in/cdn-cgi/scripts/5c5dd728/cloudflare-static/email-decode.min.js]
[d1mteuyxkcon0n.cloudfront.net/imagesloaded.pkgd.min.js]
[d1mteuyxkcon0n.cloudfront.net/TweenMax.min.js]
[www.technex.in/events/index.html]
[www.technex.in/static/demo.js]
[www.technex.in/img/favicon/apple-touch-icon.html]
[www.technex.in/img/favicon/favicon-32x32.html]
[www.technex.in/img/favicon/favicon-16x16.html]
[www.technex.in/img/favicon/site.html]
[www.technex.in/img/favicon/safari-pinned-tab.html]
[www.technex.in/static/talks2019/css/template_6f5efa8a81bc2b376995e8406bd5943b.css]
[d1mteuyxkcon0n.cloudfront.net/tingle.js]
[marcbschool.files.wordpress.com/2013/02/pmp_0043.jpg]
[i.ytimg.com/vi/0WwF35NoH-s/maxresdefault.jpg]
[static.businessinsider.com/image/564685b32491f9c22b8b505c-750.png]
[www.technex.in/static/talks2019/vinayak_marathe.jpg]
[d1mteuyxkcon0n.cloudfront.net/talks2019/js/template_5db094422e4fac0e2ce6bb1de9ac9488.js]
[d1mteuyxkcon0n.cloudfront.net/talks2019/js/three.min.js]
[d1mteuyxkcon0n.cloudfront.net/talks2019/js/gsap.js]
[d1mteuyxkcon0n.cloudfront.net/talks2019/js/projects.js]
[www.technex.in/talks/index.html]
[www.technex.in/static/favicon/favicon.ico]
[www.technex.in/static/favicon/browserconfig.xml]
[www.technex.in/static/workshop2019/css/template_6f5efa8a81bc2b376995e8406bd5943b.css]
[www.technex.in/static/workshop2019/css/Untitled.css]
[www.technex.in/static/tingle.css]
[www.technex.in/static/tingle.js]
[d1mteuyxkcon0n.cloudfront.net/WhatsApp+Image+2019-01-11+at+2.05.47+PM.jpg]
[d1mteuyxkcon0n.cloudfront.net/WhatsApp+Image+2019-01-09+at+4.01.48+PM.jpg]
[d1mteuyxkcon0n.cloudfront.net/WhatsApp+Image+2019-01-09+at+4.01.47+PM.jpg]
[d1mteuyxkcon0n.cloudfront.net/WhatsApp+Image+2019-01-11+at+2.05.46+PM.jpg]
[d1mteuyxkcon0n.cloudfront.net/WhatsApp+Image+2019-01-11+at+2.05.49+PM.jpg]
[d1mteuyxkcon0n.cloudfront.net/WhatsApp+Image+2019-01-11+at+2.05.45+PM.jpg]
[d1mteuyxkcon0n.cloudfront.net/WhatsApp+Image+2019-01-11+at+2.05.48+PM.jpg]
[d1mteuyxkcon0n.cloudfront.net/WhatsApp+Image+2019-01-09+at+4.01.50+PM.jpg]
[www.technex.in/static/workshop2019/js/template_5db094422e4fac0e2ce6bb1de9ac9488.js]
[www.technex.in/static/workshop2019/js/three.min.js]
[www.technex.in/static/workshop2019/js/gsap.js]
[www.technex.in/workshops/index.html]
[www.technex.in/static/workshop2019/js/projects.js]
[res.cloudinary.com/technex-iit-bhu/image/upload/v1517745047/cooling_system_bihqot.png]
[res.cloudinary.com/technex-iit-bhu/image/upload/v1517745046/dariyal_game_and_vr_xdlw5i.png]
[www.technex.in/static/exhibitions2019/css/template_6f5efa8a81bc2b376995e8406bd5943b.css]
[res.cloudinary.com/technex-iit-bhu/image/upload/v1517745044/edurobo_2_ynt9gp.png]
[res.cloudinary.com/technex-iit-bhu/image/upload/v1517745044/edurobo_3_ardvwr.png]
[res.cloudinary.com/technex-iit-bhu/image/upload/v1517745046/edurobo_5_aagclc.png]
[res.cloudinary.com/technex-iit-bhu/image/upload/v1517745043/edurobo_6_ebrsbg.png]
[res.cloudinary.com/technex-iit-bhu/image/upload/v1517745046/edurobo_7_ee7dem.png]
[res.cloudinary.com/technex-iit-bhu/image/upload/v1517745043/edurobo_8_oszlrq.png]
[res.cloudinary.com/technex-iit-bhu/image/upload/v1517745041/holographic_projection_uz8eyz.png]
[res.cloudinary.com/technex-iit-bhu/image/upload/v1517745042/lunar_rover_vrgguc.png]
[res.cloudinary.com/technex-iit-bhu/image/upload/v1517745042/mind_control_car_mcu0aa.png]
[res.cloudinary.com/technex-iit-bhu/image/upload/v1517745041/mind_control_drone_y6qyrd.png]
[res.cloudinary.com/technex-iit-bhu/image/upload/v1517747421/3D_printing_px3uyn.png]
[res.cloudinary.com/technex-iit-bhu/image/upload/v1517747433/gesture_control_drone_vqyd6n.png]
[www.technex.in/static/exhibitions2019/js/template_5db094422e4fac0e2ce6bb1de9ac9488.js]
[www.technex.in/static/exhibitions2019/js/projects.js]
[www.technex.in/exhibitions/index.html]
[www.technex.in/static/exhibitions2019/js/gsap.js]
[www.technex.in/static/startup19newcss/base.css]
[www.technex.in/static/startup19newcss/vendor.css]
[www.technex.in/static/startup19newcss/main.css]
[www.technex.in/static/exhibitions2019/js/three.min.js]
[d1mteuyxkcon0n.cloudfront.net/Ishwar+Jha.jpg]
[cdnjs.cloudflare.com/ajax/libs/pace/1.0.2/pace.min.js]
[d1mteuyxkcon0n.cloudfront.net/Anuj+Desai.jpg]
[cdnjs.cloudflare.com/ajax/libs/modernizr/2.8.3/modernizr.js]
[d1mteuyxkcon0n.cloudfront.net/Vish+Narayanan.jpg]
[d1mteuyxkcon0n.cloudfront.net/Sumit+Dey.jpg]
[d1mteuyxkcon0n.cloudfront.net/Abhijeet+Malhotra.jpg]
[previews.123rf.com/images/coramax/coramax1208/coramax120802054/14967037-3d-people-man-person-with-a-question-mark-businessman.jpg]
[previews.123rf.com/images/orla/orla1307/orla130700417/21138734-3d-people-man-person-with-a-bubble-and-question-mark.jpg]
[thumbs.dreamstime.com/z/d-man-holding-looking-question-mark-rendering-person-red-thinking-white-people-character-35233119.jpg]
[previews.123rf.com/images/orla/orla1402/orla140200321/26033128-3d-people-men-person-and-question-mark.jpg]
[previews.123rf.com/images/orla/orla1307/orla130700095/20851925-3d-men-and-question-mark.jpg]
[previews.123rf.com/images/coramax/coramax1212/coramax121200077/16896960-3d-people-men-person-with-a-question-mark.jpg]
[thumbs.dreamstime.com/z/person-question-mark-symbol-over-his-head-27694016.jpg]
[al-taiclub.com/images/person-question-mark-clipart-4.jpg]
[d1mteuyxkcon0n.cloudfront.net/startup19/img/MCIIE.jpg]
[d1mteuyxkcon0n.cloudfront.net/startup19/img/UPGovt.jpg]
[www.technex.in/static/technex-loader-2.gif]
[cdnjs.cloudflare.com/ajax/libs/jquery/3.3.1/jquery.min.js]
[d1mteuyxkcon0n.cloudfront.net/images/Startup Fair BG DJ.jpg]
[d1mteuyxkcon0n.cloudfront.net/images/STARTUP+FAIR+MOB.jpg]
[www.technex.in/static/js/startup19plugins.js]
[www.technex.in/startupfair/index.html]
[www.technex.in/static/js/startup19main.js]
[d1mteuyxkcon0n.cloudfront.net/conclave2019/js/jquery/jquery.js]
[d1mteuyxkcon0n.cloudfront.net/conclave2019/js/jquery/jquery-migrate.min.js]
[d1mteuyxkcon0n.cloudfront.net/conclave2019/images/conclavefinal19.jpg]
[d1mteuyxkcon0n.cloudfront.net/conclave2019/CORP+CONC+MOB.jpg]
[www.technex.in/conclave/prowebpro/index.html]
[res.cloudinary.com/technex-iit-bhu/image/upload/v1518374528/Reliance_u6chax.jpg]
[res.cloudinary.com/technex-iit-bhu/image/upload/v1518374524/wipro_luvj60.jpg]
[res.cloudinary.com/technex-iit-bhu/image/upload/v1518374518/vmware_dizlxx.jpg]
[res.cloudinary.com/technex-iit-bhu/image/upload/v1518374521/british_council_iwvhln.jpg]
[d1mteuyxkcon0n.cloudfront.net/conclave2019/js/jquery.form.min.js]
[d1mteuyxkcon0n.cloudfront.net/conclave2019/js/scripts.js]
[d1mteuyxkcon0n.cloudfront.net/conclave2019/js/frontend/add-to-cart.min.js]
[d1mteuyxkcon0n.cloudfront.net/conclave2019/js/jquery-blockui/jquery.blockUI.min.js]
[d1mteuyxkcon0n.cloudfront.net/conclave2019/js/frontend/woocommerce.min.js]
[d1mteuyxkcon0n.cloudfront.net/conclave2019/js/jquery-cookie/jquery.cookie.min.js]
[d1mteuyxkcon0n.cloudfront.net/conclave2019/js/frontend/cart-fragments.min.js]
[d1mteuyxkcon0n.cloudfront.net/conclave2019/js/bootstrap.min.js]
[d1mteuyxkcon0n.cloudfront.net/conclave2019/js/interface.js]
[d1mteuyxkcon0n.cloudfront.net/conclave2019/js/isotope-docs.min.js]
[d1mteuyxkcon0n.cloudfront.net/conclave2019/js/owl.carousel.min.js]
[d1mteuyxkcon0n.cloudfront.net/conclave2019/js/wp-embed.min.js]
[www.technex.in/conclave/index.html]
[www.technex.in/initiative/img/favicon/browserconfig.html]
[sproutsend.com/wp-content/plugins/responsive-cookie-consent/includes/css/style5010.css]
[sproutsend.com/wp-content/themes/sproutsend/theme/build/css/site.css]
[sproutsend.com/wp-content/themes/sproutsend/theme/build/fonts/fontawesome/css/fontawesome-all.css]
[sproutsend.com/wp-includes/js/jquery/jquery-migrate.min330a.js]
[sproutsend.com/wp-content/themes/sproutsend/theme/build/js/webpack.common.js]
[res.cloudinary.com/vivekisgreat/image/upload/v1545566989/technex/Inintiative_BG_DJ.jpg]
[res.cloudinary.com/vivekisgreat/image/upload/v1545568459/technex/INITIATIVE_MOB.jpg]
[res.cloudinary.com/vivekisgreat/image/upload/v1545567170/technex/panel.png]
[res.cloudinary.com/vivekisgreat/image/upload/v1545567088/technex/cycle.png]
[res.cloudinary.com/vivekisgreat/image/upload/v1545567286/technex/zero.png]
[s0.wp.com/wp-content/js/devicepx-jetpack6864.js]
[sproutsend.com/wp-content/plugins/responsive-cookie-consent/includes/js/scripts5152.js]
[sproutsend.com/wp-content/themes/sproutsend/theme/build/js/vendors.js]
[sproutsend.com/wp-content/themes/sproutsend/theme/build/vendors/rellax/rellax.min.js]
[sproutsend.com/wp-content/themes/sproutsend/theme/build/js/app.js]
[sproutsend.com/wp-includes/js/wp-embed.min5010.js]
[www.technex.in/initiative/index.html]
[stats.wp.com/e-201851.js]
[www.technex.in/sponsors/embedcode/classic-10_7.html]
[www.technex.in/sponsors/wp-content/themes/charitus/assets/fonts/flaticon.html]
[www.technex.in/sponsors/our-sponsors/index.html]
[www.technex.in/static/sponsorsnew19/wp-content/plugins/custom-twitter-feeds/css/ctf-styles.css]
[www.technex.in/static/sponsorsnew19/wp-content/plugins/easy-facebook-likebox/public/assets/css/public.css]
[www.technex.in/static/sponsorsnew19/wp-content/plugins/easy-facebook-likebox/public/assets/css/font-awesome.css]
[www.technex.in/static/sponsorsnew19/wp-content/plugins/easy-facebook-likebox/public/assets/css/animate.css]
[www.technex.in/static/sponsorsnew19/wp-content/plugins/easy-facebook-likebox/public/assets/popup/magnific-popup.css]
[www.technex.in/static/sponsorsnew19/wp-content/plugins/instagram-feed/css/sb-instagram.min.css]
[www.technex.in/static/sponsorsnew19/font-awesome/4.7.0/css/font-awesome.min.css]
[www.technex.in/static/sponsorsnew19/wp-content/plugins/charitable/assets/css/charitable.min.css]
[www.technex.in/static/sponsorsnew19/wp-content/themes/charitus/style.css]
[www.technex.in/static/sponsorsnew19/wp-content/themes/charitus/assets/css/bootstrap.min.css]
[www.technex.in/static/sponsorsnew19/wp-content/themes/charitus/assets/icons/linea/styles.css]
[www.technex.in/static/sponsorsnew19/wp-content/themes/charitus/assets/icons/linearicons/style.css]
[www.technex.in/static/sponsorsnew19/wp-content/plugins/js_composer/assets/lib/bower/font-awesome/css/font-awesome.min.css]
[www.technex.in/static/sponsorsnew19/wp-content/themes/charitus/assets/plugins/css/lightcase.css]
[www.technex.in/static/sponsorsnew19/wp-content/themes/charitus/assets/plugins/css/owl.css]
[www.technex.in/static/sponsorsnew19/wp-content/themes/charitus/assets/css/main.css]
[www.technex.in/static/sponsorsnew19/wp-content/themes/charitus/assets/css/color.css]
[www.technex.in/static/sponsorsnew19/wp-content/themes/charitus/assets/css/responsive.css]
[www.technex.in/sponsors/wp-content/plugins/js_composer/assets/css/js_composer.min.html]
[platform.twitter.com/widgets9537.js]
[10x10philanthropy.com/wp-includes/js/jquery/jqueryb8ff.js]
[10x10philanthropy.com/wp-includes/js/jquery/jquery-migrate.min330a.js]
[10x10philanthropy.com/wp-content/plugins/easy-facebook-likebox/public/assets/popup/jquery.magnific-popup.min274c.js]
[10x10philanthropy.com/wp-content/plugins/easy-facebook-likebox/public/assets/js/jquery.cookie274c.js]
[10x10philanthropy.com/wp-content/plugins/easy-facebook-likebox/public/assets/js/public274c.js]
[www.technex.in/sponsors/wp-content/uploads/2017/09/cropped-10x10Logo-32x32.html]
[www.technex.in/sponsors/wp-content/uploads/2017/09/cropped-10x10Logo-192x192.html]
[www.technex.in/sponsors/wp-content/uploads/2017/09/cropped-10x10Logo-180x180.html]
[www.technex.in/sponsors/wp-content/uploads/2017/09/handHome.html]
[www.theindianwire.com/wp-content/uploads/2018/07/reliance-industries-acquires-stake-in-eros-international.jpg]
[upload.wikimedia.org/wikipedia/en/f/ff/Wipro_Logo_1.png]
[www.rcrwireless.com/wp-content/uploads/2014/04/vmware-logo-web-new.jpg]
[bccdn.azureedge.net/favicons/b2c/britishcouncil_og_logo.jpg]
[www.vimn.com/press/comedycentral/system/files/styles/background/private/cc_widea339.jpg]
[images.dazeinfo.com/wp-content/uploads/2018/11/dc-Cover-6a0b8qbb0pf9edgc5bba3rt6b1-20170303200916.Medi_.jpg]
[pbs.twimg.com/profile_images/762605287207342080/S6dpdHM8.jpg]
[upload.wikimedia.org/wikipedia/commons/thumb/f/fe/NTPC_Logo.svg/1200px-NTPC_Logo.svg.png]
[assets.pcmag.com/media/images/408546-amazon-web-services-logo.jpg]
[cumulusnetworks.com/blog/wp-content/uploads/PFC.png]
[cdn-www.bluestacks.com/bs-images/social_network_image.jpg]
[img.etimg.com/thumb/msid-63319054,width-300,imgsize-10299,resizemode-4/sbi.jpg]
[s3.amazonaws.com/downloads.mailchimp.com/js/mc-validate.js]
[www.technex.in/sponsors/wp-content/plugins/js_composer/assets/lib/bower/animate-css/animate.min.html]
[10x10philanthropy.com/wp-content/plugins/custom-twitter-feeds/js/ctf-scripts4281.js]
[10x10philanthropy.com/wp-content/plugins/instagram-feed/js/sb-instagram.min7ef2.js]
[10x10philanthropy.com/wp-content/themes/charitus/assets/js/bootstrap.min7433.js]
[10x10philanthropy.com/wp-content/themes/charitus/assets/plugins/js/meanmenua7f4.js]
[10x10philanthropy.com/wp-content/themes/charitus/assets/plugins/js/lightcase.min7793.js]
[10x10philanthropy.com/wp-content/themes/charitus/assets/plugins/js/owl.carousel77e6.js]
[10x10philanthropy.com/wp-content/themes/charitus/assets/plugins/js/jquery.matchHeight-min230a.js]
[10x10philanthropy.com/wp-content/themes/charitus/assets/js/init5152.js]
[10x10philanthropy.com/wp-content/themes/charitus/js/skip-link-focus-fix4a7d.js]
[10x10philanthropy.com/wp-content/themes/charitus/assets/js/navigation4a7d.js]
[10x10philanthropy.com/wp-includes/js/wp-embed.min9537.js]
[10x10philanthropy.com/wp-content/plugins/js_composer/assets/js/dist/js_composer_front.min3c21.js]
[10x10philanthropy.com/wp-content/plugins/js_composer/assets/lib/waypoints/waypoints.min3c21.js]
[www.technex.in/sponsors/index.html]
[d1mteuyxkcon0n.cloudfront.net/favicon/apple-touch-icon.png]
[d1mteuyxkcon0n.cloudfront.net/favicon/favicon-32x32.png]
[d1mteuyxkcon0n.cloudfront.net/favicon/favicon-16x16.png]
[www.technex.in/static/technex-loader-new.gif]
[cdnjs.cloudflare.com/ajax/libs/foundation/5.5.1/css/foundation.min.css]
[maxcdn.bootstrapcdn.com/font-awesome/4.3.0/css/font-awesome.min.css]
[www.technex.in/static/httperrorfiles/modernizr.min.js]
[www.technex.in/static/t19bottom.png]
[www.technex.in/register/fb_login().html]
[www.technex.in/static/facebook.svg]
[www.technex.in/static/email.svg]
[ajax.googleapis.com/ajax/libs/jquery/2.2.4/jquery.min.js]
[cdnjs.cloudflare.com/ajax/libs/foundation/5.5.1/js/foundation.min.js]
[d1mteuyxkcon0n.cloudfront.net/jquery.min.js]
[d1mteuyxkcon0n.cloudfront.net/login2_files2/bootstrap.min.js]
[d1mteuyxkcon0n.cloudfront.net/login2_files2/jquery.backstretch.min.js]
[d1mteuyxkcon0n.cloudfront.net/login2_files2/retina-1.1.0.min.js]
[d1mteuyxkcon0n.cloudfront.net/vendors/select2/dist/js/select2.full.min.js]
[www.technex.in/static/login2_files2/scripts.js]
[d1mteuyxkcon0n.cloudfront.net/js/1.12.0jquery-ui.min.js]
[connect.facebook.net/en_US/sdk.js]
[www.technex.in/register/index.html]
[connect.facebook.net/en_US/fbevents.js]
[www.technex.in/static/index19/OsnovaPro-Regular.html]
[www.technex.in/static/index19/OsnovaPro-Regular-2.html]
[www.technex.in/local/templates/neurohive/assets/img/2arrow.html]
[www.technex.in/local/templates/neurohive/assets/img/svg/checkbox.html]
[www.technex.in/events/favicon.html]
[maxcdn.bootstrapcdn.com/bootstrap/3.3.7/css/bootstrap.min.css]
[cdnjs.cloudflare.com/ajax/libs/font-awesome/4.7.0/css/font-awesome.min.css]
[d1mteuyxkcon0n.cloudfront.net/css/pspage.css]
[www.technex.in/static/css/base.css]
[www.technex.in/dashboard/indexdf48.html]
[www.technex.in/dashboard/indexd2c8.html]
[www.technex.in/dashboard/indexba32.html]
[www.technex.in/POST.html]
[www.technex.in/dashboard/index6053.html]
[www.technex.in/register/index2f86.html]
[www.technex.in/dashboard/index3aa3.html]
[www.technex.in/register/index6e61.html]
[www.technex.in/register/indexe7e6.html]
[www.technex.in/dashboard/index1ab2.html]
[www.technex.in/dashboard/index8070.html]
[www.technex.in/register/indexbe33.html]
[www.technex.in/dashboard/index2144.html]
[www.technex.in/register/index8177.html]
[www.technex.in/dashboard/indexeee4.html]
[www.technex.in/register/indexf1f7.html]
[www.technex.in/dashboard/index4c86.html]
[www.technex.in/register/index6cac.html]
[www.technex.in/dashboard/indexeb5a.html]
[www.technex.in/register/index5f83.html]
[www.technex.in/dashboard/indexcaf5.html]
[www.technex.in/register/index698e.html]
[www.technex.in/dashboard/index7dab.html]
[www.technex.in/register/index1df9.html]
[www.technex.in/dashboard/index13ff.html]
[www.technex.in/register/index7930.html]
[www.technex.in/dashboard/index2e9b.html]
[www.technex.in/register/indexfa76.html]
[www.technex.in/dashboard/index3403.html]
[www.technex.in/register/indexc5a8.html]
[www.technex.in/dashboard/indexd51e.html]
[www.technex.in/register/indexf90d.html]
[www.technex.in/dashboard/index6709.html]
[www.technex.in/register/indexde04.html]
[www.technex.in/dashboard/indexeb9b.html]
[www.technex.in/register/indexd110.html]
[www.technex.in/dashboard/index4feb.html]
[www.technex.in/register/indexe21e.html]
[www.technex.in/dashboard/index0bde.html]
[www.technex.in/register/indexd675.html]
[www.technex.in/dashboard/indexbbc6.html]
[www.technex.in/register/index4eee.html]
[www.technex.in/dashboard/indexf638.html]
[www.technex.in/register/indexb4e3.html]
[www.technex.in/dashboard/index8b35.html]
[www.technex.in/register/indexd995.html]
[www.technex.in/dashboard/index77d5.html]
[www.technex.in/register/indexc1ea.html]
[www.technex.in/register/index82bd.html]
[www.technex.in/dashboard/indexe11b.html]
[www.technex.in/dashboard/indexda10.html]
[www.technex.in/register/index3d29.html]
[www.technex.in/dashboard/index72b8.html]
[www.technex.in/register/index4f9c.html]
[www.technex.in/dashboard/index0c86.html]
[www.technex.in/register/indexc876.html]
[www.technex.in/dashboard/index33bb.html]
[www.technex.in/register/indexd540.html]
[www.technex.in/register/indexea1d.html]
[www.technex.in/dashboard/index41e9.html]
[www.technex.in/dashboard/index4ce1.html]
[www.technex.in/register/indexc969.html]
[www.technex.in/dashboard/indexdff3.html]
[www.technex.in/register/index6646.html]
[www.technex.in/dashboard/index39a5.html]
[www.technex.in/register/index1df2.html]
[www.technex.in/cdn-cgi/l/email-protection.html]
[www.technex.in/img/favicon/apple-touch-icon.html]
[www.technex.in/img/favicon/favicon-32x32.html]
[www.technex.in/img/favicon/favicon-16x16.html]
[www.technex.in/img/favicon/site.html]
[www.technex.in/img/favicon/safari-pinned-tab.html]
[www.technex.in/register/index4505.html]
[www.technex.in/register/index2500.html]
[www.technex.in/static/talks2019/css/template_6f5efa8a81bc2b376995e8406bd5943b.css]
[d1mteuyxkcon0n.cloudfront.net/tingle.css]
[www.thejc.com/image/policy_1.85253_1480906297/Ada-Yonathaa5d.html]
[www.technex.in/static/workshop2019/css/template_6f5efa8a81bc2b376995e8406bd5943b.css]
[www.technex.in/local/templates/neurohive/assets/img/lines.html]
[www.technex.in/register/indexde96.html]
[www.technex.in/local/templates/neurohive/assets/fonts/clarke/Clarke.html]
[www.technex.in/local/templates/neurohive/assets/fonts/clarke/Clarke-2.html]
[www.technex.in/local/templates/neurohive/assets/fonts/geometria/Geometria-Bold.html]
[www.technex.in/local/templates/neurohive/assets/fonts/geometria/Geometria-Bold-2.html]
[www.technex.in/local/templates/neurohive/assets/fonts/mont/Mont-Bold.html]
[www.technex.in/local/templates/neurohive/assets/fonts/mont/Mont-Bold-2.html]
[www.technex.in/local/templates/neurohive/assets/fonts/muller/MullerLight.html]
[www.technex.in/local/templates/neurohive/assets/fonts/muller/MullerLight-2.html]
[www.technex.in/local/templates/neurohive/assets/fonts/muller/MullerRegular.html]
[www.technex.in/local/templates/neurohive/assets/fonts/muller/MullerRegular-2.html]
[www.technex.in/local/templates/neurohive/assets/fonts/muller/MullerMedium.html]
[www.technex.in/local/templates/neurohive/assets/fonts/muller/MullerMedium-2.html]
[www.technex.in/local/templates/neurohive/assets/fonts/muller/MullerBold.html]
[www.technex.in/local/templates/neurohive/assets/fonts/muller/MullerBold-2.html]
[www.technex.in/local/templates/neurohive/assets/fonts/osnova/OsnovaPro-Regular.html]
[www.technex.in/static/workshop2019/css/Untitled.css]
[www.technex.in/local/templates/neurohive/assets/fonts/osnova/OsnovaPro-Regular-2.html]
[www.technex.in/static/Workshops_900x506.jpg]
[www.technex.in/static/Workshops_MOB_360x640.jpg]
[www.technex.in/static/Workshops_MOB_400x711.jpg]
[www.technex.in/static/tingle.css]
[www.technex.in/dashboard/index.html]
[www.technex.in/static/exhibitions2019/css/template_6f5efa8a81bc2b376995e8406bd5943b.css]
[www.technex.in/static/startup19newcss/font-awesome/css/fontawesome-all.css]
[www.technex.in/register/index4112.html]
[www.technex.in/static/startup19newcss/micons/micons.css]
[www.technex.in/static/startup19newcss/base.css]
[www.technex.in/static/startup19newcss/fonts.css]
[www.technex.in/static/images/photoswipe/default-skin.html]
[www.technex.in/static/startup19newcss/images/photoswipe/default-skin.html]
[www.technex.in/static/startup19newcss/vendor.css]
[www.technex.in/static/startup19newcss/..images/photoswipe/preloader.html]
[www.technex.in/static/images/icons/icon-arrow-down.html]
[www.technex.in/static/images/icons/png/icon-arrow-down.html]
[www.technex.in/static/images/stats-bg.jpg]
[www.technex.in/static/startup19newcss/main.css]
[d1mteuyxkcon0n.cloudfront.net/conclave2019/css/styles.css]
[d1mteuyxkcon0n.cloudfront.net/conclave2019/css/woocommerce-layout.css]
[d1mteuyxkcon0n.cloudfront.net/conclave2019/css/woocommerce-smallscreen.css]
[d1mteuyxkcon0n.cloudfront.net/conclave2019/css/woocommerce.css]
[d1mteuyxkcon0n.cloudfront.net/conclave2019/style.css]
[d1mteuyxkcon0n.cloudfront.net/conclave2019/css/bootstrap.min.css]
[res.cloudinary.com/technex-iit-bhu/image/upload/v1509394119/cc_tyq1da.jpg]
[dspncdn.com/a1/media/692x/da/16/db/da16db98ddabeae42495ff003d1efbc8.jpg]
[d1mteuyxkcon0n.cloudfront.net/conclave2019/css/img/service_bullet_img.png]
[d1mteuyxkcon0n.cloudfront.net/conclave2019/css/img/coming_soon_bg.jpg]
[d1mteuyxkcon0n.cloudfront.net/conclave2019/css/img/clock_bg_img.png]
[d1mteuyxkcon0n.cloudfront.net/conclave2019/css/style.css]
[d1mteuyxkcon0n.cloudfront.net/conclave2019/css/font-awesome.min.css]
[d1mteuyxkcon0n.cloudfront.net/conclave2019/css/etline-icon.css]
[d1mteuyxkcon0n.cloudfront.net/conclave2019/css/animate.min.css]
[d1mteuyxkcon0n.cloudfront.net/conclave2019/css/owl.carousel.css]
[d1mteuyxkcon0n.cloudfront.net/conclave2019/css/owl.transitions.css]
[d1mteuyxkcon0n.cloudfront.net/conclave2019/css/conclavesection.css]
[www.technex.in/conclave/prowebpro/index.html]
[www.technex.in/initiative/img/favicon/browserconfig.html]
[sproutsend.com/wp-content/plugins/responsive-cookie-consent/includes/css/style5010.css]
[sproutsend.com/wp-content/themes/sproutsend/theme/build/css/site.css]
[sproutsend.com/wp-content/themes/sproutsend/theme/build/fonts/fontawesome/css/fontawesome-all.css]
[s0.wp.com/wp-content/js/devicepx-jetpack6864.js]
[www.technex.in/initiative/g.html]
[sproutsend.com/wp-content/plugins/jetpack/css/jetpackb6a4.css]
[sproutsend.com/wp-includes/js/jquery/jqueryb8ff.js]
[www.technex.in/initiative/c.html]
[stats.wp.com/e-201851.js]
[www.technex.in/sponsors/embedcode/classic-10_7.html]
[www.technex.in/sponsors/our-sponsors/index.html]
[www.technex.in/sponsors/wp-content/themes/charitus/assets/fonts/flaticon.html]
[www.technex.in/initiative/t.html]
[www.technex.in/static/sponsorsnew19/wp-content/plugins/custom-twitter-feeds/css/wp-content/plugins/custom-twitter-feeds/fonts/fontawesome-webfont.eot]
[www.technex.in/static/sponsorsnew19/wp-content/plugins/custom-twitter-feeds/css/wp-content/plugins/custom-twitter-feeds/fonts/fontawesome-webfont.woff]
[www.technex.in/static/sponsorsnew19/wp-content/plugins/custom-twitter-feeds/css/wp-content/plugins/custom-twitter-feeds/fonts/fontawesome-webfont.ttf]
[www.technex.in/static/sponsorsnew19/wp-content/plugins/custom-twitter-feeds/css/ctf-styles.css]
[www.technex.in/static/sponsorsnew19/wp-content/plugins/custom-twitter-feeds/css/wp-content/plugins/custom-twitter-feeds/fonts/fontawesome-webfont.svg]
[www.technex.in/static/sponsorsnew19/wp-content/plugins/easy-facebook-likebox/public/assets/css/img/popup_close.png]
[www.technex.in/static/sponsorsnew19/wp-content/plugins/easy-facebook-likebox/public/assets/css/public.css]
[www.technex.in/static/sponsorsnew19/wp-content/plugins/easy-facebook-likebox/public/assets/css/wp-content/plugins/easy-facebook-likebox/public/assets/fonts/fontawesome-webfont.eot]
[www.technex.in/static/sponsorsnew19/wp-content/plugins/easy-facebook-likebox/public/assets/css/wp-content/plugins/easy-facebook-likebox/public/assets/fonts/fontawesome-webfont.woff]
[www.technex.in/static/sponsorsnew19/wp-content/plugins/easy-facebook-likebox/public/assets/css/wp-content/plugins/easy-facebook-likebox/public/assets/fonts/fontawesome-webfont.ttf]
[www.technex.in/static/sponsorsnew19/wp-content/plugins/easy-facebook-likebox/public/assets/css/font-awesome.css]
[www.technex.in/static/sponsorsnew19/wp-content/plugins/easy-facebook-likebox/public/assets/css/animate.css]
[www.technex.in/static/sponsorsnew19/wp-content/plugins/easy-facebook-likebox/public/assets/popup/magnific-popup.css]
[www.technex.in/static/sponsorsnew19/wp-content/plugins/easy-facebook-likebox/public/assets/css/wp-content/plugins/easy-facebook-likebox/public/assets/fonts/fontawesome-webfont.svg]
[www.technex.in/static/sponsorsnew19/wp-content/plugins/instagram-feed/css/img/loader.png]
[www.technex.in/static/sponsorsnew19/wp-content/plugins/instagram-feed/css/img/small-logo.png]
[www.technex.in/static/sponsorsnew19/wp-content/plugins/instagram-feed/css/sb-instagram.min.css]
[www.technex.in/static/sponsorsnew19/font-awesome/4.7.0/css/font-awesome/4.7.0/fonts/fontawesome-webfont.eot]
[www.technex.in/static/sponsorsnew19/font-awesome/4.7.0/css/font-awesome/4.7.0/fonts/fontawesome-webfont.woff]
[www.technex.in/static/sponsorsnew19/font-awesome/4.7.0/css/font-awesome/4.7.0/fonts/fontawesome-webfont.ttf]
[www.technex.in/static/sponsorsnew19/font-awesome/4.7.0/css/font-awesome.min.css]
[www.technex.in/static/sponsorsnew19/wp-content/plugins/charitable/assets/css/charitable.min.css]
[www.technex.in/static/sponsorsnew19/wp-content/themes/charitus/style.css]
[www.technex.in/static/sponsorsnew19/wp-content/themes/charitus/assets/css/bootstrap.min.css]
[www.technex.in/static/sponsorsnew19/font-awesome/4.7.0/css/font-awesome/4.7.0/fonts/fontawesome-webfont.svg]
[www.technex.in/static/sponsorsnew19/wp-content/themes/charitus/assets/icons/linea/wp-content/themes/charitus/assets/icons/linea/fonts/linea-basic-10.eot]
[www.technex.in/static/sponsorsnew19/wp-content/themes/charitus/assets/icons/linea/wp-content/themes/charitus/assets/icons/linea/fonts/linea-basic-10.woff]
[www.technex.in/static/sponsorsnew19/wp-content/themes/charitus/assets/icons/linea/wp-content/themes/charitus/assets/icons/linea/fonts/linea-basic-10.ttf]
[www.technex.in/static/sponsorsnew19/wp-content/themes/charitus/assets/icons/linea/styles.css]
[www.technex.in/static/sponsorsnew19/wp-content/themes/charitus/assets/icons/linea/wp-content/themes/charitus/assets/icons/linea/fonts/linea-basic-10.svg]
[www.technex.in/static/sponsorsnew19/wp-content/themes/charitus/assets/icons/linearicons/wp-content/themes/charitus/assets/icons/linearicons/fonts/Linearicons-Free.eot]
[www.technex.in/static/sponsorsnew19/wp-content/themes/charitus/assets/icons/linearicons/wp-content/themes/charitus/assets/icons/linearicons/fonts/Linearicons-Free.woff]
[www.technex.in/static/sponsorsnew19/wp-content/themes/charitus/assets/icons/linearicons/wp-content/themes/charitus/assets/icons/linearicons/fonts/Linearicons-Free.ttf]
[www.technex.in/static/sponsorsnew19/wp-content/themes/charitus/assets/icons/linearicons/style.css]
[www.technex.in/static/sponsorsnew19/wp-content/themes/charitus/assets/icons/linearicons/wp-content/themes/charitus/assets/icons/linearicons/fonts/Linearicons-Free.svg]
[www.technex.in/static/sponsorsnew19/wp-content/plugins/js_composer/assets/lib/bower/font-awesome/css/wp-content/plugins/js_composer/assets/lib/bower/font-awesome/fonts/fontawesome-webfont.eot]
[www.technex.in/static/sponsorsnew19/wp-content/plugins/js_composer/assets/lib/bower/font-awesome/css/wp-content/plugins/js_composer/assets/lib/bower/font-awesome/fonts/fontawesome-webfont.woff]
[www.technex.in/static/sponsorsnew19/wp-content/plugins/js_composer/assets/lib/bower/font-awesome/css/wp-content/plugins/js_composer/assets/lib/bower/font-awesome/fonts/fontawesome-webfont.ttf]
[www.technex.in/static/sponsorsnew19/wp-content/plugins/js_composer/assets/lib/bower/font-awesome/css/font-awesome.min.css]
[www.technex.in/static/sponsorsnew19/wp-content/plugins/js_composer/assets/lib/bower/font-awesome/css/wp-content/plugins/js_composer/assets/lib/bower/font-awesome/fonts/fontawesome-webfont.svg]
[www.technex.in/static/sponsorsnew19/wp-content/themes/charitus/assets/plugins/css/wp-content/themes/charitus/assets/plugins/fonts/lightcase.eot]
[www.technex.in/static/sponsorsnew19/wp-content/themes/charitus/assets/plugins/css/wp-content/themes/charitus/assets/plugins/fonts/lightcase.woff]
[www.technex.in/static/sponsorsnew19/wp-content/themes/charitus/assets/plugins/css/wp-content/themes/charitus/assets/plugins/fonts/lightcase.ttf]
[www.technex.in/static/sponsorsnew19/wp-content/themes/charitus/assets/plugins/css/lightcase.css]
[www.technex.in/static/sponsorsnew19/wp-content/themes/charitus/assets/plugins/css/wp-content/themes/charitus/assets/plugins/fonts/lightcase.svg]
[10x10philanthropy.com/wp-content/themes/charitus/assets/plugins/css/owl.video.play.1b0.delayed]
[www.technex.in/static/sponsorsnew19/wp-content/themes/charitus/assets/plugins/css/owl.css]
[www.technex.in/static/sponsorsnew19/wp-content/themes/charitus/assets/css/img/status.gif]
[www.technex.in/static/sponsorsnew19/wp-content/themes/charitus/assets/css/img/loading.gif]
[www.technex.in/static/sponsorsnew19/wp-content/themes/charitus/assets/css/img/subpagebg.jpg]
[www.technex.in/static/sponsorsnew19/wp-content/themes/charitus/assets/css/main.css]
[www.technex.in/static/sponsorsnew19/wp-content/themes/charitus/assets/css/color.css]
[www.technex.in/static/sponsorsnew19/wp-content/themes/charitus/assets/css/responsive.css]
[www.technex.in/static/sponsorsnew19/wp-content/themes/charitus/assets/css/custom.css]
[www.technex.in/sponsors/wp-content/plugins/js_composer/assets/css/js_composer.min.html]
[www.technex.in/sponsors/wp-content/uploads/2017/09/cropped-10x10Logo-32x32.html]
[www.technex.in/sponsors/wp-content/uploads/2017/09/cropped-10x10Logo-192x192.html]
[www.technex.in/sponsors/wp-content/uploads/2017/09/cropped-10x10Logo-180x180.html]
[www.technex.in/sponsors/wp-content/uploads/2017/09/handHome.html]
[www.technex.in/sponsors/wp-content/plugins/js_composer/assets/lib/bower/animate-css/animate.min.html]
[d1mteuyxkcon0n.cloudfront.net/login2_files2/kla.css]
[d1mteuyxkcon0n.cloudfront.net/login2_files2/css.css]
[d1mteuyxkcon0n.cloudfront.net/login2_files2/bootstrap.min.css]
[d1mteuyxkcon0n.cloudfront.net/login2_files2/font-awesome.min.css]
[d1mteuyxkcon0n.cloudfront.net/login2_files2/form-elements.css]
[d1mteuyxkcon0n.cloudfront.net/login2_files2/assets/img/logo.png]
[d1mteuyxkcon0n.cloudfront.net/login2_files2/assets/img/logo@2x.png]
[d1mteuyxkcon0n.cloudfront.net/login2_files2/assets/css/style.css]
[d1mteuyxkcon0n.cloudfront.net/vendors/select2/dist/css/select2.min.css]
[d1mteuyxkcon0n.cloudfront.net/css/jquery-ui.css]
[cdnjs.cloudflare.com/ajax/libs/foundation/5.5.1/css/foundation.min.css]
[maxcdn.bootstrapcdn.com/font-awesome/4.3.0/css/font-awesome.min.css]
[www.technex.in/register/fb_login().html]
[www.technex.in/static/facebook.svg]
[www.technex.in/static/email.svg]
[connect.facebook.net/en_US/sdk.js]
[www.technex.in/POST.html]
[www.technex.in/register/index6e61.html]
[www.technex.in/register/indexe7e6.html]
[www.technex.in/register/indexbe33.html]
[www.technex.in/register/index2f86.html]
[www.technex.in/register/index8177.html]
[www.technex.in/register/index5f83.html]
[www.technex.in/register/index6cac.html]
[www.technex.in/register/indexf1f7.html]
[www.technex.in/register/index698e.html]
[www.technex.in/register/index7930.html]
[www.technex.in/register/index1df9.html]
[www.technex.in/register/indexfa76.html]
[www.technex.in/register/indexc5a8.html]
[www.technex.in/register/indexf90d.html]
[www.technex.in/register/indexde04.html]
[www.technex.in/register/indexd110.html]
[www.technex.in/register/indexb4e3.html]
[www.technex.in/register/indexe21e.html]
[www.technex.in/register/index4eee.html]
[www.technex.in/register/indexd675.html]
[www.technex.in/register/index82bd.html]
[www.technex.in/register/indexd995.html]
[www.technex.in/register/index3d29.html]
[www.technex.in/register/indexc1ea.html]
[www.technex.in/register/index4f9c.html]
[www.technex.in/register/indexea1d.html]
[www.technex.in/register/indexc876.html]
[www.technex.in/register/indexd540.html]
[www.technex.in/register/index6646.html]
[www.technex.in/register/indexc969.html]
[www.technex.in/register/index4505.html]
[www.technex.in/register/index1df2.html]
[www.technex.in/register/indexde96.html]
[www.technex.in/register/index2500.html]
[www.technex.in/local/templates/neurohive/assets/img/lines.html]
[www.technex.in/local/templates/neurohive/assets/fonts/clarke/Clarke.html]
[www.technex.in/local/templates/neurohive/assets/fonts/clarke/Clarke-2.html]
[www.technex.in/local/templates/neurohive/assets/fonts/geometria/Geometria-Bold.html]
[www.technex.in/local/templates/neurohive/assets/fonts/geometria/Geometria-Bold-2.html]
[www.technex.in/local/templates/neurohive/assets/fonts/mont/Mont-Bold.html]
[www.technex.in/local/templates/neurohive/assets/fonts/mont/Mont-Bold-2.html]
[www.technex.in/local/templates/neurohive/assets/fonts/muller/MullerLight.html]
[www.technex.in/local/templates/neurohive/assets/fonts/muller/MullerLight-2.html]
[www.technex.in/local/templates/neurohive/assets/fonts/muller/MullerRegular.html]
[www.technex.in/local/templates/neurohive/assets/fonts/muller/MullerRegular-2.html]
[www.technex.in/local/templates/neurohive/assets/fonts/muller/MullerMedium.html]
[www.technex.in/local/templates/neurohive/assets/fonts/muller/MullerMedium-2.html]
[www.technex.in/local/templates/neurohive/assets/fonts/muller/MullerBold.html]
[www.technex.in/local/templates/neurohive/assets/fonts/muller/MullerBold-2.html]
[www.technex.in/local/templates/neurohive/assets/fonts/osnova/OsnovaPro-Regular.html]
[www.technex.in/local/templates/neurohive/assets/fonts/osnova/OsnovaPro-Regular-2.html]
[www.technex.in/register/index4112.html]
[www.technex.in/static/startup19newcss/font-awesome/webfonts/fa-brands-400.eot]
[www.technex.in/static/startup19newcss/font-awesome/webfonts/fa-brands-400d41d.eot]
[www.technex.in/static/startup19newcss/font-awesome/webfonts/fa-brands-400.woff2]
[www.technex.in/static/startup19newcss/font-awesome/webfonts/fa-brands-400.woff]
[www.technex.in/static/startup19newcss/font-awesome/webfonts/fa-brands-400.ttf]
[www.technex.in/static/startup19newcss/font-awesome/webfonts/fa-brands-400.svg]
[www.technex.in/static/startup19newcss/font-awesome/webfonts/fa-regular-400.eot]
[www.technex.in/static/startup19newcss/font-awesome/webfonts/fa-regular-400d41d.eot]
[www.technex.in/static/startup19newcss/font-awesome/webfonts/fa-regular-400.woff2]
[www.technex.in/static/startup19newcss/font-awesome/webfonts/fa-regular-400.woff]
[www.technex.in/static/startup19newcss/font-awesome/webfonts/fa-regular-400.ttf]
[www.technex.in/static/startup19newcss/font-awesome/webfonts/fa-regular-400.svg]
[www.technex.in/static/startup19newcss/font-awesome/webfonts/fa-solid-900.eot]
[www.technex.in/static/startup19newcss/font-awesome/webfonts/fa-solid-900d41d.eot]
[www.technex.in/static/startup19newcss/font-awesome/webfonts/fa-solid-900.woff2]
[www.technex.in/static/startup19newcss/font-awesome/webfonts/fa-solid-900.woff]
[www.technex.in/static/startup19newcss/font-awesome/webfonts/fa-solid-900.ttf]
[www.technex.in/static/startup19newcss/font-awesome/css/fontawesome-all.css]
[www.technex.in/static/startup19newcss/font-awesome/webfonts/fa-solid-900.svg]
[www.technex.in/static/startup19newcss/micons/fonts/icomoon4286.eot]
[www.technex.in/static/startup19newcss/micons/fonts/icomoon4286.ttf]
[www.technex.in/static/startup19newcss/micons/fonts/icomoon4286.woff]
[www.technex.in/static/startup19newcss/micons/micons.css]
[www.technex.in/static/startup19newcss/micons/fonts/icomoon4286.svg]
[www.technex.in/static/fonts/domine/domine-regular-webfont.woff2]
[www.technex.in/static/fonts/domine/domine-regular-webfont.woff]
[www.technex.in/static/fonts/domine/domine-bold-webfont.woff2]
[www.technex.in/static/fonts/domine/domine-bold-webfont.woff]
[www.technex.in/static/fonts/metropolis/metropolis-black-webfont.woff2]
[www.technex.in/static/fonts/metropolis/metropolis-black-webfont.woff]
[www.technex.in/static/fonts/metropolis/metropolis-blackitalic-webfont.woff2]
[www.technex.in/static/fonts/metropolis/metropolis-blackitalic-webfont.woff]
[www.technex.in/static/fonts/metropolis/metropolis-extrabold-webfont.woff2]
[www.technex.in/static/fonts/metropolis/metropolis-extrabold-webfont.woff]
[www.technex.in/static/fonts/metropolis/metropolis-extrabolditalic-webfont.woff2]
[www.technex.in/static/fonts/metropolis/metropolis-extrabolditalic-webfont.woff]
[www.technex.in/static/fonts/metropolis/metropolis-bold-webfont.woff2]
[www.technex.in/static/fonts/metropolis/metropolis-bold-webfont.woff]
[www.technex.in/static/fonts/metropolis/metropolis-bolditalic-webfont.woff2]
[www.technex.in/static/fonts/metropolis/metropolis-bolditalic-webfont.woff]
[www.technex.in/static/fonts/metropolis/metropolis-semibold-webfont.woff2]
[www.technex.in/static/fonts/metropolis/metropolis-semibold-webfont.woff]
[www.technex.in/static/fonts/metropolis/metropolis-semibolditalic-webfont.woff2]
[www.technex.in/static/fonts/metropolis/metropolis-semibolditalic-webfont.woff]
[www.technex.in/static/fonts/metropolis/metropolis-medium-webfont.woff2]
[www.technex.in/static/fonts/metropolis/metropolis-medium-webfont.woff]
[www.technex.in/static/fonts/metropolis/metropolis-mediumitalic-webfont.woff2]
[www.technex.in/static/fonts/metropolis/metropolis-mediumitalic-webfont.woff]
[www.technex.in/static/fonts/metropolis/metropolis-regular-webfont.woff2]
[www.technex.in/static/fonts/metropolis/metropolis-regular-webfont.woff]
[www.technex.in/static/fonts/metropolis/metropolis-regularitalic-webfont.woff2]
[www.technex.in/static/fonts/metropolis/metropolis-regularitalic-webfont.woff]
[www.technex.in/static/fonts/metropolis/metropolis-light-webfont.woff2]
[www.technex.in/static/fonts/metropolis/metropolis-light-webfont.woff]
[www.technex.in/static/fonts/metropolis/metropolis-lightitalic-webfont.woff2]
[www.technex.in/static/fonts/metropolis/metropolis-lightitalic-webfont.woff]
[www.technex.in/static/fonts/metropolis/metropolis-extralight-webfont.woff2]
[www.technex.in/static/fonts/metropolis/metropolis-extralight-webfont.woff]
[www.technex.in/static/fonts/metropolis/metropolis-extralightitalic-webfont.woff2]
[www.technex.in/static/fonts/metropolis/metropolis-extralightitalic-webfont.woff]
[www.technex.in/static/fonts/metropolis/metropolis-thin-webfont.woff2]
[www.technex.in/static/fonts/metropolis/metropolis-thin-webfont.woff]
[www.technex.in/static/fonts/metropolis/metropolis-thinitalic-webfont.woff2]
[www.technex.in/static/startup19newcss/fonts.css]
[www.technex.in/static/images/photoswipe/default-skin.html]
[www.technex.in/static/startup19newcss/images/photoswipe/default-skin.html]
[www.technex.in/static/startup19newcss/..images/photoswipe/preloader.html]
[www.technex.in/static/images/icons/icon-arrow-down.html]
[www.technex.in/static/images/icons/png/icon-arrow-down.html]
[www.technex.in/static/fonts/metropolis/metropolis-thinitalic-webfont.woff]
[d1mteuyxkcon0n.cloudfront.net/conclave2019/css/prowebpro/wp-content/plugins/woocommerce/assets/fonts/star.eot]
[d1mteuyxkcon0n.cloudfront.net/conclave2019/css/prowebpro/wp-content/plugins/woocommerce/assets/fonts/star.woff]
[d1mteuyxkcon0n.cloudfront.net/conclave2019/css/prowebpro/wp-content/plugins/woocommerce/assets/fonts/star.ttf]
[d1mteuyxkcon0n.cloudfront.net/conclave2019/css/prowebpro/wp-content/plugins/woocommerce/assets/fonts/star.svg]
[d1mteuyxkcon0n.cloudfront.net/conclave2019/css/prowebpro/wp-content/plugins/woocommerce/assets/fonts/WooCommerce.eot]
[d1mteuyxkcon0n.cloudfront.net/conclave2019/css/prowebpro/wp-content/plugins/woocommerce/assets/fonts/WooCommerce.woff]
[d1mteuyxkcon0n.cloudfront.net/conclave2019/css/prowebpro/wp-content/plugins/woocommerce/assets/fonts/WooCommerce.ttf]
[d1mteuyxkcon0n.cloudfront.net/conclave2019/css/prowebpro/wp-content/plugins/woocommerce/assets/fonts/WooCommerce.svg]
[d1mteuyxkcon0n.cloudfront.net/conclave2019/css/prowebpro/wp-content/plugins/woocommerce/assets/images/icons/loader.svg]
[d1mteuyxkcon0n.cloudfront.net/conclave2019/css/prowebpro/wp-content/plugins/woocommerce/assets/images/icons/credit-cards/visa.svg]
[d1mteuyxkcon0n.cloudfront.net/conclave2019/css/prowebpro/wp-content/plugins/woocommerce/assets/images/icons/credit-cards/mastercard.svg]
[d1mteuyxkcon0n.cloudfront.net/conclave2019/css/prowebpro/wp-content/plugins/woocommerce/assets/images/icons/credit-cards/laser.svg]
[d1mteuyxkcon0n.cloudfront.net/conclave2019/css/prowebpro/wp-content/plugins/woocommerce/assets/images/icons/credit-cards/diners.svg]
[d1mteuyxkcon0n.cloudfront.net/conclave2019/css/prowebpro/wp-content/plugins/woocommerce/assets/images/icons/credit-cards/maestro.svg]
[d1mteuyxkcon0n.cloudfront.net/conclave2019/css/prowebpro/wp-content/plugins/woocommerce/assets/images/icons/credit-cards/jcb.svg]
[d1mteuyxkcon0n.cloudfront.net/conclave2019/css/prowebpro/wp-content/plugins/woocommerce/assets/images/icons/credit-cards/amex.svg]
[d1mteuyxkcon0n.cloudfront.net/conclave2019/css/prowebpro/wp-content/plugins/woocommerce/assets/images/icons/credit-cards/discover.svg]
[d1mteuyxkcon0n.cloudfront.net/conclave2019/css/prowebpro/wp-content/themes/prowebpro/fonts/glyphicons-halflings-regular.eot]
[d1mteuyxkcon0n.cloudfront.net/conclave2019/css/prowebpro/wp-content/themes/prowebpro/fonts/glyphicons-halflings-regular.woff]
[d1mteuyxkcon0n.cloudfront.net/conclave2019/css/prowebpro/wp-content/themes/prowebpro/fonts/glyphicons-halflings-regular.ttf]
[d1mteuyxkcon0n.cloudfront.net/conclave2019/css/prowebpro/wp-content/themes/prowebpro/fonts/glyphicons-halflings-regular.svg]
[ewiya.com/prowebpro/wp-content/themes/prowebpro/images/pricing_bg_img.html]
[d1mteuyxkcon0n.cloudfront.net/conclave2019/css/prowebpro/wp-content/themes/prowebpro/fonts/font-awesome/fontawesome-webfont.eot]
[d1mteuyxkcon0n.cloudfront.net/conclave2019/css/prowebpro/wp-content/themes/prowebpro/fonts/font-awesome/fontawesome-webfont.woff]
[d1mteuyxkcon0n.cloudfront.net/conclave2019/css/prowebpro/wp-content/themes/prowebpro/fonts/font-awesome/fontawesome-webfont.ttf]
[d1mteuyxkcon0n.cloudfront.net/conclave2019/css/prowebpro/wp-content/themes/prowebpro/fonts/font-awesome/fontawesome-webfont.svg]
[d1mteuyxkcon0n.cloudfront.net/conclave2019/css/prowebpro/wp-content/themes/prowebpro/fonts/et-line/et-line.eot]
[d1mteuyxkcon0n.cloudfront.net/conclave2019/css/prowebpro/wp-content/themes/prowebpro/fonts/et-line/et-line.woff]
[d1mteuyxkcon0n.cloudfront.net/conclave2019/css/prowebpro/wp-content/themes/prowebpro/fonts/et-line/et-line.ttf]
[d1mteuyxkcon0n.cloudfront.net/conclave2019/css/prowebpro/wp-content/themes/prowebpro/fonts/et-line/et-line.svg]
[ewiya.com/prowebpro/wp-content/themes/prowebpro/css/grabbing.html]
[sproutsend.com/wp-content/plugins/jetpack/modules/carousel/images/arrows.png]
[sproutsend.com/wp-content/plugins/jetpack/modules/carousel/images/arrows-2x.png]
[sproutsend.com/wp-content/plugins/jetpack/modules/carousel/images/carousel-spritee4da.png]
[sproutsend.com/wp-content/plugins/jetpack/modules/carousel/images/carousel-sprite-2xe4da.png]
[sproutsend.com/wp-content/plugins/jetpack/modules/shortcodes/img/slideshow-controls.png]
[sproutsend.com/wp-content/plugins/jetpack/modules/shortcodes/img/slideshow-controls-2x.png]
[sproutsend.com/wp-content/plugins/jetpack/modules/shortcodes/images/slide-nav.png]
[sproutsend.com/wp-content/plugins/jetpack/modules/shortcodes/images/expand.png]
[sproutsend.com/wp-content/plugins/jetpack/modules/shortcodes/images/collapse.png]
[secure.gravatar.com/images/grav-share-sprite.png]
[sproutsend.com/wp-content/plugins/jetpack/css/jetpackb6a4.css]
[www.technex.in/initiative/g.html]
[www.technex.in/initiative/c.html]
[www.technex.in/initiative/t.html]
[www.technex.in/static/sponsorsnew19/wp-content/plugins/custom-twitter-feeds/css/wp-content/plugins/custom-twitter-feeds/fonts/fontawesome-webfont.svg]
[www.technex.in/static/sponsorsnew19/wp-content/plugins/easy-facebook-likebox/public/assets/css/wp-content/plugins/easy-facebook-likebox/public/assets/fonts/fontawesome-webfont.svg]
[www.technex.in/static/sponsorsnew19/font-awesome/4.7.0/css/font-awesome/4.7.0/fonts/fontawesome-webfont.svg]
[www.technex.in/static/sponsorsnew19/wp-content/themes/charitus/assets/icons/linea/wp-content/themes/charitus/assets/icons/linea/fonts/linea-basic-10.svg]
[www.technex.in/static/sponsorsnew19/wp-content/themes/charitus/assets/icons/linearicons/wp-content/themes/charitus/assets/icons/linearicons/fonts/Linearicons-Free.svg]
[www.technex.in/static/sponsorsnew19/wp-content/plugins/js_composer/assets/lib/bower/font-awesome/css/wp-content/plugins/js_composer/assets/lib/bower/font-awesome/fonts/fontawesome-webfont.svg]
[www.technex.in/static/sponsorsnew19/wp-content/themes/charitus/assets/plugins/css/wp-content/themes/charitus/assets/plugins/fonts/lightcase.svg]
[10x10philanthropy.com/wp-content/themes/charitus/assets/plugins/css/owl.video.play.html]
[d1mteuyxkcon0n.cloudfront.net/static/facebook.png]
[d1mteuyxkcon0n.cloudfront.net/css/images/ui-bg_flat_75_ffffff_40x100.png]
[d1mteuyxkcon0n.cloudfront.net/css/images/ui-bg_highlight-soft_75_cccccc_1x100.png]
[d1mteuyxkcon0n.cloudfront.net/css/images/ui-bg_glass_75_e6e6e6_1x400.png]
[d1mteuyxkcon0n.cloudfront.net/css/images/ui-bg_glass_75_dadada_1x400.png]
[d1mteuyxkcon0n.cloudfront.net/css/images/ui-bg_glass_65_ffffff_1x400.png]
[d1mteuyxkcon0n.cloudfront.net/css/images/ui-bg_glass_55_fbf9ee_1x400.png]
[d1mteuyxkcon0n.cloudfront.net/css/images/ui-bg_glass_95_fef1ec_1x400.png]
[d1mteuyxkcon0n.cloudfront.net/css/images/ui-icons_222222_256x240.png]
[d1mteuyxkcon0n.cloudfront.net/css/images/ui-icons_888888_256x240.png]
[d1mteuyxkcon0n.cloudfront.net/css/images/ui-icons_454545_256x240.png]
[d1mteuyxkcon0n.cloudfront.net/css/images/ui-icons_2e83ff_256x240.png]
[d1mteuyxkcon0n.cloudfront.net/css/images/ui-icons_cd0a0a_256x240.png]
[d1mteuyxkcon0n.cloudfront.net/css/images/ui-bg_flat_0_aaaaaa_40x100.png]
[www.technex.in/static/startup19newcss/font-awesome/webfonts/fa-brands-400.svg]
[www.technex.in/static/startup19newcss/font-awesome/webfonts/fa-regular-400.svg]
[www.technex.in/static/startup19newcss/font-awesome/webfonts/fa-solid-900.svg]
[www.technex.in/static/startup19newcss/micons/fonts/icomoon4286.svg]
[www.technex.inhttps_/d1mteuyxkcon0n.cloudfront.net/css/images/img-fb.jpg]
[www.technex.in/fbConnect/index.html]
